BL51 BANKED LINKER/LOCATER V6.22                                                        10/09/2021  11:55:53  PAGE 1


BL51 BANKED LINKER/LOCATER V6.22, INVOKED BY:
D:\SOFTWARE\KEIL5\C51\BIN\BL51.EXE .\Objects\main.obj, .\Objects\Delay.obj, .\Objects\LCD1602.obj, .\Objects\keyboard.ob
>> j, .\Objects\Timer.obj, .\Objects\Uart.obj, .\Objects\74HC595.obj, .\Objects\STARTUP.obj TO .\Objects\test PRINT (.\L
>> istings\test.m51) RAMSIZE (256) DISABLEWARNING (16)


MEMORY MODEL: SMALL


INPUT MODULES INCLUDED:
  .\Objects\main.obj (MAIN)
  .\Objects\Delay.obj (DELAY)
  .\Objects\LCD1602.obj (LCD1602)
  .\Objects\keyboard.obj (KEYBOARD)
  .\Objects\Timer.obj (TIMER)
  .\Objects\Uart.obj (UART)
  .\Objects\74HC595.obj (74HC595)
  .\Objects\STARTUP.obj (?C_STARTUP)
  D:\SOFTWARE\KEIL5\C51\LIB\C51S.LIB (?C?CLDOPTR)
  D:\SOFTWARE\KEIL5\C51\LIB\C51S.LIB (?C?UIDIV)
  D:\SOFTWARE\KEIL5\C51\LIB\C51S.LIB (?C?SIDIV)


LINK MAP OF MODULE:  .\Objects\test (MAIN)


            TYPE    BASE      LENGTH    RELOCATION   SEGMENT NAME
            -----------------------------------------------------

            * * * * * * *   D A T A   M E M O R Y   * * * * * * *
            REG     0000H     0008H     ABSOLUTE     "REG BANK 0"
            DATA    0008H     000AH     UNIT         ?DT?_LCD_SHOWNUMBER?LCD1602
            DATA    0012H     000AH     UNIT         ?DT?_LCD_SHOWSIGNEDNUMBER?LCD1602
            DATA    001CH     0007H     UNIT         ?DT?__74HC595_SENDBYTE?74HC595
            DATA    0023H     0004H     UNIT         ?DT?_LCD_SHOWSTRING?LCD1602
            DATA    0027H     0004H     UNIT         ?DT?_UART_SENDSTRING?UART
            DATA    002BH     0004H     UNIT         _DATA_GROUP_
            DATA    002FH     0001H     UNIT         ?DT?KEYBOARD
            IDATA   0030H     0001H     UNIT         ?STACK

            * * * * * * *   C O D E   M E M O R Y   * * * * * * *
            CODE    0000H     0003H     ABSOLUTE     
            CODE    0003H     001FH     UNIT         ?PR?_LCD_SITE?LCD1602
                    0022H     0001H                  *** GAP ***
            CODE    0023H     0003H     ABSOLUTE     
            CODE    0026H     00B8H     UNIT         ?C?LIB_CODE
            CODE    00DEH     00A7H     UNIT         ?PR?_LCD_SHOWSIGNEDNUMBER?LCD1602
            CODE    0185H     008AH     UNIT         ?PR?_LCD_SHOWNUMBER?LCD1602
            CODE    020FH     0071H     UNIT         ?PR?KEYBOARDSCAN?KEYBOARD
            CODE    0280H     0067H     UNIT         ?PR?__74HC595_SENDBYTE?74HC595
            CODE    02E7H     004BH     UNIT         ?PR?UART_ROUTINE?UART
            CODE    0332H     0028H     UNIT         ?PR?_UART_SENDSTRING?UART
            CODE    035AH     0026H     UNIT         ?PR?_LCD_SHOWSTRING?LCD1602
            CODE    0380H     0021H     UNIT         ?PR?MAIN?MAIN
            CODE    03A1H     001BH     UNIT         ?PR?UART_INITIALIZATION?UART
            CODE    03BCH     0015H     UNIT         ?PR?_DELAYXMS?DELAY
            CODE    03D1H     0015H     UNIT         ?PR?TIMER0_INITIALIZATION?TIMER
            CODE    03E6H     0014H     UNIT         ?PR?LCD_INITIALIZATION?LCD1602
BL51 BANKED LINKER/LOCATER V6.22                                                      10/09/2021  11:55:53  PAGE 2


            CODE    03FAH     0012H     UNIT         ?PR?_LCD_WRITECOMMAND?LCD1602
            CODE    040CH     0012H     UNIT         ?PR?_LCD_WRITEDATA?LCD1602
            CODE    041EH     000CH     UNIT         ?C_C51STARTUP
            CODE    042AH     000AH     UNIT         ?PR?_LCD_SHOWCHAR?LCD1602
            CODE    0434H     0005H     UNIT         ?PR?_74HC595_INITIALIZATION?74HC595
            CODE    0439H     0003H     UNIT         ?PR?_UART_SENDBYTE?UART



OVERLAY MAP OF MODULE:   .\Objects\test (MAIN)


SEGMENT                                       DATA_GROUP 
  +--> CALLED SEGMENT                       START    LENGTH
-----------------------------------------------------------
?PR?UART_ROUTINE?UART                       -----    -----
  +--> ?PR?_LCD_SHOWCHAR?LCD1602

?PR?_LCD_SHOWCHAR?LCD1602                   002BH    0001H
  +--> ?PR?_LCD_SITE?LCD1602
  +--> ?PR?_LCD_WRITEDATA?LCD1602

?PR?_LCD_SITE?LCD1602                       002CH    0002H
  +--> ?PR?_LCD_WRITECOMMAND?LCD1602

?PR?_LCD_WRITECOMMAND?LCD1602               -----    -----
  +--> ?PR?_DELAYXMS?DELAY

?PR?_LCD_WRITEDATA?LCD1602                  -----    -----
  +--> ?PR?_DELAYXMS?DELAY

*** NEW ROOT ***************************************************

?C_C51STARTUP                               -----    -----
  +--> ?PR?MAIN?MAIN

?PR?MAIN?MAIN                               002EH    0001H
  +--> ?PR?_DELAYXMS?DELAY



SYMBOL TABLE OF MODULE:  .\Objects\test (MAIN)

  VALUE           TYPE          NAME
  ----------------------------------

  -------         MODULE        MAIN
  C:0000H         SYMBOL        _ICE_DUMMY_
  D:0080H         PUBLIC        P0
  C:0380H         PUBLIC        main
  -------         PROC          MAIN
  -------         DO            
  D:002EH         SYMBOL        i
  -------         ENDDO         
  C:0380H         LINE#         13
  C:0380H         LINE#         14
  C:0380H         LINE#         15
BL51 BANKED LINKER/LOCATER V6.22                                                      10/09/2021  11:55:53  PAGE 3


  C:0383H         LINE#         16
  C:0383H         LINE#         17
  C:0383H         LINE#         18
  C:0393H         LINE#         19
  C:0395H         LINE#         20
  C:0398H         LINE#         21
  C:039FH         LINE#         22
  -------         ENDPROC       MAIN
  -------         ENDMOD        MAIN

  -------         MODULE        DELAY
  C:0000H         SYMBOL        _ICE_DUMMY_
  C:03BCH         PUBLIC        _DelayXms
  -------         PROC          _DELAYXMS
  D:0006H         SYMBOL        xms
  -------         DO            
  D:0005H         SYMBOL        i
  D:0004H         SYMBOL        j
  -------         ENDDO         
  C:03BCH         LINE#         12
  C:03BCH         LINE#         13
  C:03BCH         LINE#         15
  C:03C6H         LINE#         16
  C:03C6H         LINE#         17
  C:03C8H         LINE#         18
  C:03CAH         LINE#         20
  C:03CAH         LINE#         21
  C:03CCH         LINE#         22
  C:03CCH         LINE#         23
  C:03CEH         LINE#         24
  C:03D0H         LINE#         25
  -------         ENDPROC       _DELAYXMS
  -------         ENDMOD        DELAY

  -------         MODULE        LCD1602
  C:0000H         SYMBOL        _ICE_DUMMY_
  D:0080H         PUBLIC        P0
  D:00A0H         PUBLIC        P2
  C:03FAH         SYMBOL        _LCD_WriteCommand
  C:03E6H         PUBLIC        LCD_Initialization
  C:00DEH         PUBLIC        _LCD_ShowSignedNumber
  C:040CH         SYMBOL        _LCD_WriteData
  C:0185H         PUBLIC        _LCD_ShowNumber
  C:035AH         PUBLIC        _LCD_ShowString
  C:042AH         PUBLIC        _LCD_ShowChar
  B:00A0H.6       PUBLIC        LCD_RS
  B:00A0H.5       PUBLIC        LCD_RW
  C:0003H         SYMBOL        _LCD_site
  B:00A0H.7       PUBLIC        LCD_E
  -------         PROC          _LCD_WRITECOMMAND
  D:0007H         SYMBOL        LCD_Command
  C:03FAH         LINE#         12
  C:03FAH         LINE#         13
  C:03FAH         LINE#         14
  C:03FCH         LINE#         15
  C:03FEH         LINE#         16
  C:0400H         LINE#         17
BL51 BANKED LINKER/LOCATER V6.22                                                      10/09/2021  11:55:53  PAGE 4


  C:0402H         LINE#         18
  C:0409H         LINE#         19
  C:040BH         LINE#         20
  -------         ENDPROC       _LCD_WRITECOMMAND
  -------         PROC          _LCD_WRITEDATA
  D:0007H         SYMBOL        LCD_Data
  C:040CH         LINE#         28
  C:040CH         LINE#         29
  C:040CH         LINE#         30
  C:040EH         LINE#         31
  C:0410H         LINE#         32
  C:0412H         LINE#         33
  C:0414H         LINE#         34
  C:041BH         LINE#         35
  C:041DH         LINE#         36
  -------         ENDPROC       _LCD_WRITEDATA
  -------         PROC          LCD_INITIALIZATION
  C:03E6H         LINE#         44
  C:03E6H         LINE#         45
  C:03E6H         LINE#         46
  C:03EBH         LINE#         47
  C:03F0H         LINE#         48
  C:03F5H         LINE#         49
  -------         ENDPROC       LCD_INITIALIZATION
  -------         PROC          _LCD_SITE
  D:002CH         SYMBOL        Line
  D:002DH         SYMBOL        Column
  C:0003H         LINE#         59
  C:0007H         LINE#         60
  C:0007H         LINE#         61
  C:000CH         LINE#         62
  C:000CH         LINE#         63
  C:0014H         LINE#         64
  C:0014H         LINE#         65
  C:0019H         LINE#         66
  C:0019H         LINE#         67
  C:0021H         LINE#         68
  C:0021H         LINE#         69
  -------         ENDPROC       _LCD_SITE
  -------         PROC          _LCD_SHOWSTRING
  D:0007H         SYMBOL        Line
  D:0005H         SYMBOL        Column
  D:0023H         SYMBOL        String
  -------         DO            
  D:0026H         SYMBOL        i
  -------         ENDDO         
  C:035AH         LINE#         79
  C:0360H         LINE#         80
  C:0360H         LINE#         82
  C:0363H         LINE#         83
  C:0378H         LINE#         84
  C:0378H         LINE#         85
  C:037BH         LINE#         86
  C:037FH         LINE#         87
  -------         ENDPROC       _LCD_SHOWSTRING
  -------         PROC          _LCD_SHOWNUMBER
  D:0007H         SYMBOL        Line
BL51 BANKED LINKER/LOCATER V6.22                                                      10/09/2021  11:55:53  PAGE 5


  D:0005H         SYMBOL        Column
  D:000AH         SYMBOL        Number
  D:000CH         SYMBOL        Length
  -------         DO            
  D:000DH         SYMBOL        i
  D:000EH         SYMBOL        LCD_Number
  -------         ENDDO         
  C:0185H         LINE#         98
  C:0189H         LINE#         99
  C:0189H         LINE#         101
  C:018CH         LINE#         103
  C:0199H         LINE#         104
  C:01B3H         LINE#         105
  C:01CDH         LINE#         106
  C:01E7H         LINE#         107
  C:01F4H         LINE#         109
  C:01FEH         LINE#         110
  C:01FEH         LINE#         111
  C:020AH         LINE#         112
  C:020EH         LINE#         113
  -------         ENDPROC       _LCD_SHOWNUMBER
  -------         PROC          _LCD_SHOWCHAR
  D:0007H         SYMBOL        Line
  D:0005H         SYMBOL        Column
  D:002BH         SYMBOL        LCD_Char
  C:042AH         LINE#         123
  C:042CH         LINE#         124
  C:042CH         LINE#         125
  C:042FH         LINE#         126
  -------         ENDPROC       _LCD_SHOWCHAR
  -------         PROC          _LCD_SHOWSIGNEDNUMBER
  D:0007H         SYMBOL        Line
  D:0005H         SYMBOL        Column
  D:0014H         SYMBOL        SignedNumber
  D:0016H         SYMBOL        Length
  -------         DO            
  D:0017H         SYMBOL        i
  D:0018H         SYMBOL        LCD_ShowNumber
  -------         ENDDO         
  C:00DEH         LINE#         138
  C:00E2H         LINE#         139
  C:00E2H         LINE#         142
  C:00E5H         LINE#         144
  C:00EEH         LINE#         145
  C:00EEH         LINE#         146
  C:00F7H         LINE#         147
  C:0102H         LINE#         148
  C:0102H         LINE#         150
  C:010FH         LINE#         151
  C:0129H         LINE#         152
  C:0143H         LINE#         153
  C:015DH         LINE#         154
  C:016AH         LINE#         156
  C:0174H         LINE#         157
  C:0174H         LINE#         158
  C:0180H         LINE#         159
  C:0184H         LINE#         160
BL51 BANKED LINKER/LOCATER V6.22                                                      10/09/2021  11:55:53  PAGE 6


  -------         ENDPROC       _LCD_SHOWSIGNEDNUMBER
  -------         ENDMOD        LCD1602

  -------         MODULE        KEYBOARD
  C:0000H         SYMBOL        _ICE_DUMMY_
  D:0090H         PUBLIC        P1
  D:002FH         PUBLIC        KeyboardValue
  C:020FH         PUBLIC        KeyboardScan
  -------         PROC          KEYBOARDSCAN
  C:020FH         LINE#         14
  C:020FH         LINE#         15
  C:020FH         LINE#         16
  C:0212H         LINE#         17
  C:0215H         LINE#         18
  C:021BH         LINE#         19
  C:021BH         LINE#         20
  C:0222H         LINE#         21
  C:0228H         LINE#         22
  C:0228H         LINE#         24
  C:022BH         LINE#         25
  C:023DH         LINE#         26
  C:023DH         LINE#         27
  C:0242H         LINE#         28
  C:0247H         LINE#         29
  C:024CH         LINE#         30
  C:024FH         LINE#         31
  C:024FH         LINE#         33
  C:0252H         LINE#         34
  C:0265H         LINE#         35
  C:0265H         LINE#         36
  C:026AH         LINE#         37
  C:026EH         LINE#         38
  C:0272H         LINE#         39
  C:0278H         LINE#         40
  C:0278H         LINE#         41
  C:0278H         LINE#         42
  C:027DH         LINE#         43
  C:027DH         LINE#         44
  C:027FH         LINE#         45
  -------         ENDPROC       KEYBOARDSCAN
  -------         ENDMOD        KEYBOARD

  -------         MODULE        TIMER
  C:0000H         SYMBOL        _ICE_DUMMY_
  B:00A8H.7       PUBLIC        EA
  D:0089H         PUBLIC        TMOD
  B:00A8H.1       PUBLIC        ET0
  B:0088H.5       PUBLIC        TF0
  D:008CH         PUBLIC        TH0
  D:008AH         PUBLIC        TL0
  B:0088H.4       PUBLIC        TR0
  C:03D1H         PUBLIC        Timer0_Initialization
  -------         PROC          TIMER0_INITIALIZATION
  C:03D1H         LINE#         10
  C:03D1H         LINE#         11
  C:03D1H         LINE#         12
  C:03D3H         LINE#         13
BL51 BANKED LINKER/LOCATER V6.22                                                      10/09/2021  11:55:53  PAGE 7


  C:03D5H         LINE#         14
  C:03D8H         LINE#         15
  C:03DBH         LINE#         16
  C:03DEH         LINE#         17
  C:03E1H         LINE#         18
  C:03E3H         LINE#         19
  C:03E5H         LINE#         20
  -------         ENDPROC       TIMER0_INITIALIZATION
  -------         ENDMOD        TIMER

  -------         MODULE        UART
  C:0000H         SYMBOL        _ICE_DUMMY_
  D:00A0H         PUBLIC        P2
  B:00A8H.7       PUBLIC        EA
  C:0332H         PUBLIC        _Uart_SendString
  B:00A8H.4       PUBLIC        ES
  B:0098H.0       PUBLIC        RI
  B:0098H.1       PUBLIC        TI
  C:0439H         PUBLIC        _Uart_SendByte
  D:0099H         PUBLIC        SBUF
  D:0087H         PUBLIC        PCON
  D:0098H         PUBLIC        SCON
  D:0089H         PUBLIC        TMOD
  B:00A8H.3       PUBLIC        ET1
  D:008DH         PUBLIC        TH1
  C:03A1H         PUBLIC        Uart_Initialization
  D:008BH         PUBLIC        TL1
  B:0088H.6       PUBLIC        TR1
  C:02E7H         PUBLIC        Uart_Routine
  -------         PROC          UART_INITIALIZATION
  C:03A1H         LINE#         13
  C:03A1H         LINE#         14
  C:03A1H         LINE#         27
  C:03A4H         LINE#         28
  C:03A7H         LINE#         29
  C:03AAH         LINE#         30
  C:03ADH         LINE#         31
  C:03B0H         LINE#         32
  C:03B3H         LINE#         33
  C:03B5H         LINE#         34
  C:03B7H         LINE#         35
  C:03B9H         LINE#         36
  C:03BBH         LINE#         38
  -------         ENDPROC       UART_INITIALIZATION
  -------         PROC          _UART_SENDBYTE
  D:0007H         SYMBOL        Byte
  C:0439H         LINE#         46
  C:0439H         LINE#         47
  C:0439H         LINE#         48
  C:043BH         LINE#         49
  -------         ENDPROC       _UART_SENDBYTE
  -------         PROC          UART_ROUTINE
  C:02E7H         LINE#         57
  C:0304H         LINE#         59
  C:0307H         LINE#         60
  C:0307H         LINE#         61
  C:0309H         LINE#         62
BL51 BANKED LINKER/LOCATER V6.22                                                      10/09/2021  11:55:53  PAGE 8


  C:0309H         LINE#         63
  C:030CH         LINE#         64
  C:030CH         LINE#         65
  C:0315H         LINE#         66
  C:0317H         LINE#         67
  C:0317H         LINE#         68
  -------         ENDPROC       UART_ROUTINE
  -------         PROC          _UART_SENDSTRING
  D:0027H         SYMBOL        Uart_String
  -------         DO            
  D:002AH         SYMBOL        i
  -------         ENDDO         
  C:0332H         LINE#         70
  C:0338H         LINE#         71
  C:0338H         LINE#         73
  C:034CH         LINE#         74
  C:034CH         LINE#         75
  C:034EH         LINE#         76
  C:0355H         LINE#         77
  C:0359H         LINE#         78
  -------         ENDPROC       _UART_SENDSTRING
  -------         ENDMOD        UART

  -------         MODULE        74HC595
  C:0000H         SYMBOL        _ICE_DUMMY_
  C:0280H         SYMBOL        __74HC595_SendByte
  D:0090H         PUBLIC        P1
  B:0090H.0       PUBLIC        _595_RCLK
  C:0434H         PUBLIC        _74HC595_Initialization
  B:0090H.2       PUBLIC        _595_SER
  B:0090H.1       PUBLIC        _595_SRCLK
  -------         PROC          _74HC595_INITIALIZATION
  C:0434H         LINE#         11
  C:0434H         LINE#         12
  C:0434H         LINE#         13
  C:0436H         LINE#         14
  C:0438H         LINE#         15
  -------         ENDPROC       _74HC595_INITIALIZATION
  -------         PROC          __74HC595_SENDBYTE
  D:001CH         SYMBOL        amount
  D:001DH         SYMBOL        _595_Byte1
  D:0002H         SYMBOL        _595_Byte2
  D:0021H         SYMBOL        _595_Byte3
  -------         DO            
  D:0001H         SYMBOL        i
  -------         ENDDO         
  C:0280H         LINE#         26
  C:0286H         LINE#         27
  C:0286H         LINE#         29
  C:028DH         LINE#         30
  C:028DH         LINE#         31
  C:028FH         LINE#         32
  C:028FH         LINE#         33
  C:02ADH         LINE#         34
  C:02AFH         LINE#         35
  C:02B1H         LINE#         36
  C:02B5H         LINE#         37
BL51 BANKED LINKER/LOCATER V6.22                                                      10/09/2021  11:55:53  PAGE 9


  C:02B5H         LINE#         38
  C:02BCH         LINE#         39
  C:02BCH         LINE#         40
  C:02BEH         LINE#         41
  C:02BEH         LINE#         42
  C:02DAH         LINE#         43
  C:02DCH         LINE#         44
  C:02DEH         LINE#         45
  C:02E2H         LINE#         46
  C:02E2H         LINE#         47
  C:02E4H         LINE#         48
  C:02E6H         LINE#         49
  -------         ENDPROC       __74HC595_SENDBYTE
  -------         ENDMOD        74HC595

  -------         MODULE        ?C_STARTUP
  C:041EH         SEGMENT       ?C_C51STARTUP
  I:0030H         SEGMENT       ?STACK
  C:0000H         PUBLIC        ?C_STARTUP
  D:00E0H         SYMBOL        ACC
  D:00F0H         SYMBOL        B
  D:0083H         SYMBOL        DPH
  D:0082H         SYMBOL        DPL
  N:0000H         SYMBOL        IBPSTACK
  N:0100H         SYMBOL        IBPSTACKTOP
  N:0080H         SYMBOL        IDATALEN
  C:0421H         SYMBOL        IDATALOOP
  N:0000H         SYMBOL        PBPSTACK
  N:0100H         SYMBOL        PBPSTACKTOP
  N:0000H         SYMBOL        PDATALEN
  N:0000H         SYMBOL        PDATASTART
  N:0000H         SYMBOL        PPAGE
  N:0000H         SYMBOL        PPAGEENABLE
  D:00A0H         SYMBOL        PPAGE_SFR
  D:0081H         SYMBOL        SP
  C:041EH         SYMBOL        STARTUP1
  N:0000H         SYMBOL        XBPSTACK
  N:0000H         SYMBOL        XBPSTACKTOP
  N:0000H         SYMBOL        XDATALEN
  N:0000H         SYMBOL        XDATASTART
  C:0000H         LINE#         126
  C:041EH         LINE#         133
  C:0420H         LINE#         134
  C:0421H         LINE#         135
  C:0422H         LINE#         136
  C:0424H         LINE#         185
  C:0427H         LINE#         196
  -------         ENDMOD        ?C_STARTUP

  -------         MODULE        ?C?CLDOPTR
  C:0026H         PUBLIC        ?C?CLDOPTR
  -------         ENDMOD        ?C?CLDOPTR

  -------         MODULE        ?C?UIDIV
  C:0053H         PUBLIC        ?C?UIDIV
  -------         ENDMOD        ?C?UIDIV

BL51 BANKED LINKER/LOCATER V6.22                                                      10/09/2021  11:55:53  PAGE 10


  -------         MODULE        ?C?SIDIV
  C:00A8H         PUBLIC        ?C?SIDIV
  -------         ENDMOD        ?C?SIDIV

Program Size: data=49.0 xdata=0 code=1083
LINK/LOCATE RUN COMPLETE.  0 WARNING(S),  0 ERROR(S)
