BL51 BANKED LINKER/LOCATER V6.22                                                        07/16/2021  11:44:19  PAGE 1


BL51 BANKED LINKER/LOCATER V6.22, INVOKED BY:
D:\SOFTWARE\KEIL5\C51\BIN\BL51.EXE .\Objects\STARTUP.obj, .\Objects\main.obj, .\Objects\Timer.obj TO .\Objects\¶¨Ê±Æ÷ÖÐ¶
>> Ï PRINT (.\Listings\¶¨Ê±Æ÷ÖÐ¶Ï.m51) RAMSIZE (256) DISABLEWARNING (16)


MEMORY MODEL: SMALL


INPUT MODULES INCLUDED:
  .\Objects\STARTUP.obj (?C_STARTUP)
  .\Objects\main.obj (MAIN)
  .\Objects\Timer.obj (TIMER)
  D:\SOFTWARE\KEIL5\C51\LIB\C51S.LIB (?C_INIT)


LINK MAP OF MODULE:  .\Objects\¶¨Ê±Æ÷ÖÐ¶Ï (?C_STARTUP)


            TYPE    BASE      LENGTH    RELOCATION   SEGMENT NAME
            -----------------------------------------------------

            * * * * * * *   D A T A   M E M O R Y   * * * * * * *
            REG     0000H     0008H     ABSOLUTE     "REG BANK 0"
            DATA    0008H     0003H     UNIT         ?DT?MAIN
            IDATA   000BH     0001H     UNIT         ?STACK

            * * * * * * *   C O D E   M E M O R Y   * * * * * * *
            CODE    0000H     0003H     ABSOLUTE     
            CODE    0003H     0004H     UNIT         ?C_INITSEG
                    0007H     0004H                  *** GAP ***
            CODE    000BH     0003H     ABSOLUTE     
            CODE    000EH     008CH     UNIT         ?C_C51STARTUP
            CODE    009AH     0033H     UNIT         ?PR?TIMER0_ROUTINE?MAIN
            CODE    00CDH     001AH     UNIT         ?PR?MAIN?MAIN
            CODE    00E7H     0015H     UNIT         ?PR?TIMER0_INITIALIZATION?TIMER
            CODE    00FCH     0010H     UNIT         ?CO?MAIN



OVERLAY MAP OF MODULE:   .\Objects\¶¨Ê±Æ÷ÖÐ¶Ï (?C_STARTUP)


SEGMENT
  +--> CALLED SEGMENT
---------------------
?C_C51STARTUP
  +--> ?PR?MAIN?MAIN
  +--> ?C_INITSEG

?PR?MAIN?MAIN
  +--> ?PR?TIMER0_INITIALIZATION?TIMER
  +--> ?CO?MAIN



SYMBOL TABLE OF MODULE:  .\Objects\¶¨Ê±Æ÷ÖÐ¶Ï (?C_STARTUP)

  VALUE           TYPE          NAME
BL51 BANKED LINKER/LOCATER V6.22                                                      07/16/2021  11:44:19  PAGE 2


  ----------------------------------

  -------         MODULE        ?C_STARTUP
  C:000EH         SEGMENT       ?C_C51STARTUP
  I:000BH         SEGMENT       ?STACK
  C:0000H         PUBLIC        ?C_STARTUP
  D:00E0H         SYMBOL        ACC
  D:00F0H         SYMBOL        B
  D:0083H         SYMBOL        DPH
  D:0082H         SYMBOL        DPL
  N:0000H         SYMBOL        IBPSTACK
  N:0100H         SYMBOL        IBPSTACKTOP
  N:0080H         SYMBOL        IDATALEN
  C:0011H         SYMBOL        IDATALOOP
  N:0000H         SYMBOL        PBPSTACK
  N:0100H         SYMBOL        PBPSTACKTOP
  N:0000H         SYMBOL        PDATALEN
  N:0000H         SYMBOL        PDATASTART
  N:0000H         SYMBOL        PPAGE
  N:0000H         SYMBOL        PPAGEENABLE
  D:00A0H         SYMBOL        PPAGE_SFR
  D:0081H         SYMBOL        SP
  C:000EH         SYMBOL        STARTUP1
  N:0000H         SYMBOL        XBPSTACK
  N:0000H         SYMBOL        XBPSTACKTOP
  N:0000H         SYMBOL        XDATALEN
  N:0000H         SYMBOL        XDATASTART
  C:0000H         LINE#         126
  C:000EH         LINE#         133
  C:0010H         LINE#         134
  C:0011H         LINE#         135
  C:0012H         LINE#         136
  C:0014H         LINE#         185
  C:0017H         LINE#         196
  -------         ENDMOD        ?C_STARTUP

  -------         MODULE        MAIN
  C:0000H         SYMBOL        _ICE_DUMMY_
  C:009AH         PUBLIC        Timer0_Routine
  D:0080H         PUBLIC        P0
  C:00CDH         PUBLIC        main
  D:008CH         PUBLIC        TH0
  D:008AH         PUBLIC        TL0
  C:00FCH         PUBLIC        NixieTable
  D:000AH         PUBLIC        Number
  -------         PROC          MAIN
  C:00CDH         LINE#         16
  C:00CDH         LINE#         17
  C:00CDH         LINE#         18
  C:00D0H         LINE#         19
  C:00D0H         LINE#         20
  C:00D0H         LINE#         21
  C:00E5H         LINE#         22
  -------         ENDPROC       MAIN
  -------         PROC          TIMER0_ROUTINE
  -------         DO            
  D:0008H         SYMBOL        count
BL51 BANKED LINKER/LOCATER V6.22                                                      07/16/2021  11:44:19  PAGE 3


  -------         ENDDO         
  C:009AH         LINE#         31
  C:009EH         LINE#         34
  C:00A1H         LINE#         35
  C:00A4H         LINE#         36
  C:00ACH         LINE#         37
  C:00B5H         LINE#         38
  C:00B5H         LINE#         39
  C:00BBH         LINE#         40
  C:00BDH         LINE#         41
  C:00C5H         LINE#         42
  C:00C8H         LINE#         43
  C:00C8H         LINE#         44
  -------         ENDPROC       TIMER0_ROUTINE
  -------         ENDMOD        MAIN

  -------         MODULE        TIMER
  C:0000H         SYMBOL        _ICE_DUMMY_
  B:00A8H.7       PUBLIC        EA
  D:0089H         PUBLIC        TMOD
  B:00A8H.1       PUBLIC        ET0
  B:0088H.5       PUBLIC        TF0
  D:008CH         PUBLIC        TH0
  D:008AH         PUBLIC        TL0
  B:0088H.4       PUBLIC        TR0
  C:00E7H         PUBLIC        Timer0_Initialization
  -------         PROC          TIMER0_INITIALIZATION
  C:00E7H         LINE#         10
  C:00E7H         LINE#         11
  C:00E7H         LINE#         12
  C:00E9H         LINE#         13
  C:00EBH         LINE#         14
  C:00EEH         LINE#         15
  C:00F1H         LINE#         16
  C:00F4H         LINE#         17
  C:00F7H         LINE#         18
  C:00F9H         LINE#         19
  C:00FBH         LINE#         20
  -------         ENDPROC       TIMER0_INITIALIZATION
  -------         ENDMOD        TIMER

Program Size: data=12.0 xdata=0 code=264
LINK/LOCATE RUN COMPLETE.  0 WARNING(S),  0 ERROR(S)
