BL51 BANKED LINKER/LOCATER V6.22                                                        07/23/2021  13:31:40  PAGE 1


BL51 BANKED LINKER/LOCATER V6.22, INVOKED BY:
D:\SOFTWARE\KEIL5\C51\BIN\BL51.EXE .\Objects\STARTUP.obj, .\Objects\main.obj, .\Objects\Timer.obj, .\Objects\Delay.obj T
>> O .\Objects\Ð¡ÐÇÐÇ PRINT (.\Listings\Ð¡ÐÇÐÇ.m51) RAMSIZE (256)


MEMORY MODEL: SMALL


INPUT MODULES INCLUDED:
  .\Objects\STARTUP.obj (?C_STARTUP)
  .\Objects\main.obj (MAIN)
  .\Objects\Timer.obj (TIMER)
  .\Objects\Delay.obj (DELAY)


LINK MAP OF MODULE:  .\Objects\Ð¡ÐÇÐÇ (?C_STARTUP)


            TYPE    BASE      LENGTH    RELOCATION   SEGMENT NAME
            -----------------------------------------------------

            * * * * * * *   D A T A   M E M O R Y   * * * * * * *
            REG     0000H     0008H     ABSOLUTE     "REG BANK 0"
            DATA    0008H     0002H     UNIT         ?DT?MAIN
            IDATA   000AH     0001H     UNIT         ?STACK

            * * * * * * *   C O D E   M E M O R Y   * * * * * * *
            CODE    0000H     0003H     ABSOLUTE     
                    0003H     0008H                  *** GAP ***
            CODE    000BH     0003H     ABSOLUTE     
            CODE    000EH     009FH     UNIT         ?CO?MAIN
            CODE    00ADH     0039H     UNIT         ?PR?MAIN?MAIN
            CODE    00E6H     0032H     UNIT         ?PR?TIMER0_ROUTINE?MAIN
            CODE    0118H     0015H     UNIT         ?PR?TIMER0_INITIALIZATION?TIMER
            CODE    012DH     0014H     UNIT         ?PR?_DELAYXMS?DELAY
            CODE    0141H     000CH     UNIT         ?C_C51STARTUP



OVERLAY MAP OF MODULE:   .\Objects\Ð¡ÐÇÐÇ (?C_STARTUP)


SEGMENT
  +--> CALLED SEGMENT
---------------------
?C_C51STARTUP
  +--> ?PR?MAIN?MAIN

?PR?MAIN?MAIN
  +--> ?PR?TIMER0_INITIALIZATION?TIMER
  +--> ?CO?MAIN
  +--> ?PR?_DELAYXMS?DELAY

*** NEW ROOT ***************************************************

?PR?TIMER0_ROUTINE?MAIN
  +--> ?CO?MAIN

BL51 BANKED LINKER/LOCATER V6.22                                                      07/23/2021  13:31:40  PAGE 2




SYMBOL TABLE OF MODULE:  .\Objects\Ð¡ÐÇÐÇ (?C_STARTUP)

  VALUE           TYPE          NAME
  ----------------------------------

  -------         MODULE        ?C_STARTUP
  C:0141H         SEGMENT       ?C_C51STARTUP
  I:000AH         SEGMENT       ?STACK
  C:0000H         PUBLIC        ?C_STARTUP
  D:00E0H         SYMBOL        ACC
  D:00F0H         SYMBOL        B
  D:0083H         SYMBOL        DPH
  D:0082H         SYMBOL        DPL
  N:0000H         SYMBOL        IBPSTACK
  N:0100H         SYMBOL        IBPSTACKTOP
  N:0080H         SYMBOL        IDATALEN
  C:0144H         SYMBOL        IDATALOOP
  N:0000H         SYMBOL        PBPSTACK
  N:0100H         SYMBOL        PBPSTACKTOP
  N:0000H         SYMBOL        PDATALEN
  N:0000H         SYMBOL        PDATASTART
  N:0000H         SYMBOL        PPAGE
  N:0000H         SYMBOL        PPAGEENABLE
  D:00A0H         SYMBOL        PPAGE_SFR
  D:0081H         SYMBOL        SP
  C:0141H         SYMBOL        STARTUP1
  N:0000H         SYMBOL        XBPSTACK
  N:0000H         SYMBOL        XBPSTACKTOP
  N:0000H         SYMBOL        XDATALEN
  N:0000H         SYMBOL        XDATASTART
  C:0000H         LINE#         126
  C:0141H         LINE#         133
  C:0143H         LINE#         134
  C:0144H         LINE#         135
  C:0145H         LINE#         136
  C:0147H         LINE#         185
  C:014AH         LINE#         196
  -------         ENDMOD        ?C_STARTUP

  -------         MODULE        MAIN
  C:0000H         SYMBOL        _ICE_DUMMY_
  C:00E6H         PUBLIC        Timer0_Routine
  D:00A0H         PUBLIC        P2
  C:0058H         PUBLIC        Music
  B:00A0H.4       PUBLIC        Buzzer
  D:0008H         PUBLIC        Pitch_Seclect
  C:00ADH         PUBLIC        main
  D:0009H         PUBLIC        Music_Seclect
  D:008CH         PUBLIC        TH0
  D:008AH         PUBLIC        TL0
  B:0088H.4       PUBLIC        TR0
  C:000EH         PUBLIC        Pitch
  -------         PROC          MAIN
  C:00ADH         LINE#         83
  C:00ADH         LINE#         84
BL51 BANKED LINKER/LOCATER V6.22                                                      07/23/2021  13:31:40  PAGE 3


  C:00ADH         LINE#         85
  C:00B0H         LINE#         86
  C:00B0H         LINE#         87
  C:00B0H         LINE#         88
  C:00B8H         LINE#         89
  C:00BAH         LINE#         90
  C:00CCH         LINE#         91
  C:00CEH         LINE#         92
  C:00D0H         LINE#         93
  C:00D7H         LINE#         94
  C:00D9H         LINE#         95
  C:00E2H         LINE#         96
  C:00E2H         LINE#         97
  C:00E4H         LINE#         98
  -------         ENDPROC       MAIN
  -------         PROC          TIMER0_ROUTINE
  C:00E6H         LINE#         109
  C:00F3H         LINE#         111
  C:0108H         LINE#         112
  C:010BH         LINE#         113
  C:010DH         LINE#         114
  -------         ENDPROC       TIMER0_ROUTINE
  -------         ENDMOD        MAIN

  -------         MODULE        TIMER
  C:0000H         SYMBOL        _ICE_DUMMY_
  B:00A8H.7       PUBLIC        EA
  D:0089H         PUBLIC        TMOD
  B:00A8H.1       PUBLIC        ET0
  B:0088H.5       PUBLIC        TF0
  D:008CH         PUBLIC        TH0
  D:008AH         PUBLIC        TL0
  B:0088H.4       PUBLIC        TR0
  C:0118H         PUBLIC        Timer0_Initialization
  -------         PROC          TIMER0_INITIALIZATION
  C:0118H         LINE#         10
  C:0118H         LINE#         11
  C:0118H         LINE#         12
  C:011AH         LINE#         13
  C:011CH         LINE#         14
  C:011FH         LINE#         15
  C:0122H         LINE#         16
  C:0125H         LINE#         17
  C:0128H         LINE#         18
  C:012AH         LINE#         19
  C:012CH         LINE#         20
  -------         ENDPROC       TIMER0_INITIALIZATION
  -------         ENDMOD        TIMER

  -------         MODULE        DELAY
  C:0000H         SYMBOL        _ICE_DUMMY_
  C:012DH         PUBLIC        _DelayXms
  -------         PROC          _DELAYXMS
  D:0006H         SYMBOL        xms
  -------         DO            
  D:0005H         SYMBOL        i
  D:0004H         SYMBOL        j
BL51 BANKED LINKER/LOCATER V6.22                                                      07/23/2021  13:31:40  PAGE 4


  -------         ENDDO         
  C:012DH         LINE#         11
  C:012DH         LINE#         12
  C:012DH         LINE#         14
  C:0136H         LINE#         15
  C:0136H         LINE#         16
  C:0138H         LINE#         17
  C:013AH         LINE#         19
  C:013AH         LINE#         20
  C:013CH         LINE#         21
  C:013CH         LINE#         22
  C:013EH         LINE#         23
  C:0140H         LINE#         24
  -------         ENDPROC       _DELAYXMS
  -------         ENDMOD        DELAY

Program Size: data=11.0 xdata=0 code=325
LINK/LOCATE RUN COMPLETE.  0 WARNING(S),  0 ERROR(S)
